// Jest Snapshot v1, https://goo.gl/fbAQLP

exports[`matches snapshot 1`] = `
<DocumentFragment>
  <div
    class="App"
  >
    <div
      class="ShoppingList"
    >
      <form>
        <label
          for="name"
        >
          Name:
        </label>
        <input
          id="name"
          name="name"
          value=""
        />
        <button>
          Add a new todo!
        </button>
      </form>
      <ul />
    </div>
  </div>
</DocumentFragment>
`;
